src/prisma.ts(2,10): error TS2305: Module '"@prisma/client"' has no exported member 'PrismaClient'.
src/prisma.ts(7,23): error TS2591: Cannot find name 'process'. Do you need to install type definitions for node? Try `npm i --save-dev @types/node` and then add 'node' to the types field in your tsconfig.
src/prisma.ts(22,5): error TS2591: Cannot find name 'process'. Do you need to install type definitions for node? Try `npm i --save-dev @types/node` and then add 'node' to the types field in your tsconfig.
